../Core/Src/main.c:58:6:adxl_write	32	static
../Core/Src/main.c:66:6:adxl_read_values	32	static
../Core/Src/main.c:71:6:adxl_read_address	32	static
../Core/Src/main.c:76:6:adxl_init	8	static
../Core/Src/main.c:88:6:tx_send	16	static
../Core/Src/main.c:93:6:led_check	8	static
../Core/Src/main.c:164:6:led	16	static
../Core/Src/main.c:287:6:adxl_check	16	static
../Core/Src/main.c:313:5:main	728	static
../Core/Src/main.c:405:6:SystemClock_Config	88	static
../Core/Src/main.c:456:6:Error_Handler	4	static,ignoring_inline_asm
