23:49:38 **** Incremental Build of configuration Debug for project poziomica_cyfrowa ****
make -j8 all 
arm-none-eabi-gcc "../Core/Src/main.c" -mcpu=cortex-m4 -std=gnu11 -g3 -DDEBUG -DUSE_HAL_DRIVER -DSTM32F446xx -c -I../Core/Inc -I../Drivers/STM32F4xx_HAL_Driver/Inc -I../Drivers/STM32F4xx_HAL_Driver/Inc/Legacy -I../Drivers/CMSIS/Device/ST/STM32F4xx/Include -I../Drivers/CMSIS/Include -O0 -ffunction-sections -fdata-sections -Wall -fstack-usage -MMD -MP -MF"Core/Src/main.d" -MT"Core/Src/main.o" --specs=nano.specs -mfpu=fpv4-sp-d16 -mfloat-abi=hard -mthumb -o "Core/Src/main.o"
arm-none-eabi-gcc -o "poziomica_cyfrowa.elf" @"objects.list"   -mcpu=cortex-m4 -T"C:\Users\Adrian\STM32CubeIDE\workspace_1.9.0\poziomica_cyfrowa\STM32F446RETX_FLASH.ld" --specs=nosys.specs -Wl,-Map="poziomica_cyfrowa.map" -Wl,--gc-sections -static --specs=nano.specs -mfpu=fpv4-sp-d16 -mfloat-abi=hard -mthumb -u _printf_float -u _scanf_float -Wl,--start-group -lc -lm -Wl,--end-group
Finished building target: poziomica_cyfrowa.elf
 
arm-none-eabi-size   poziomica_cyfrowa.elf 
arm-none-eabi-objdump -h -S  poziomica_cyfrowa.elf  > "poziomica_cyfrowa.list"
   text	   data	    bss	    dec	    hex	filename
  39856	    488	   1896	  42240	   a500	poziomica_cyfrowa.elf
Finished building: default.size.stdout
 
Finished building: poziomica_cyfrowa.list
 

23:49:47 Build Finished. 0 errors, 0 warnings. (took 9s.501ms)

